This is a .log file.